// Jest Snapshot v1, https://goo.gl/fbAQLP

exports[`SubTitle Component should be rendered correctly 1`] = `
<h4
  className="subtitle"
/>
`;
