// Jest Snapshot v1, https://goo.gl/fbAQLP

exports[`Spinner Component should be rendered correctly 1`] = `
<div
  className="spinner"
/>
`;

exports[`Spinner should rendered correctly 1`] = `
<div
  className="spinner"
/>
`;
