// Jest Snapshot v1, https://goo.gl/fbAQLP

exports[`Input Component should be rendered correctly 1`] = `
<input
  className="input"
/>
`;
