// Jest Snapshot v1, https://goo.gl/fbAQLP

exports[`Button Component should be rendered correctly 1`] = `
<button
  className="button"
/>
`;
